// Jest Snapshot v1, https://goo.gl/fbAQLP

exports[`Authorization snap 1`] = `
<Fragment>
  <div
    className="authorization"
  >
    <button
      className="btn btn-outline-warning mr-2"
      onClick={[Function]}
    >
      Войти
    </button>
    <AuthorizationModal
      modal={false}
      toggle={[Function]}
    />
  </div>
  <button
    className="btn btn-outline-warning"
  >
    <a
      href="https://www.themoviedb.org/signup"
      rel="nofollow"
      target="blank"
    >
      Регистрация
    </a>
  </button>
</Fragment>
`;
